<div style="font-family:Georgia,serif;font-size:15px;line-height:1.5;color:#1a1a1a">
<p style="margin:0;font-weight:600">Locum MRI/CT Radiographer — 3 months, full time</p>
<p style="margin:2px 0 14px;color:#555">Candidate C-5120</p>
<p style="margin:0 0 4px">HCPC-registered radiographer with eight years of MRI and CT, hands-on with the Siemens fleet the brief names, and available from the 1st.</p>
<p style="margin:18px 0 6px;font-weight:600">Compliance at a glance</p>
<ul style="margin:0 0 0 18px;padding:0">
<li style="margin:0 0 6px"><strong>HCPC registration:</strong> HCPC-registered, renewal current.<sup>[1]</sup></li>
<li style="margin:0 0 6px"><strong>DBS:</strong> DBS status not evidenced in the CV or our note. <span style="color:#a33;font-weight:600">[UNVERIFIED]</span></li>
<li style="margin:0 0 6px"><strong>Mandatory training:</strong> Mandatory training completed within the last year.<sup>[2]</sup></li>
<li style="margin:0 0 6px"><strong>Occupational health:</strong> This client's compliance team asks for occupational health clearance dated within six months.<sup>[3]</sup></li>
</ul>
<p style="margin:18px 0 6px;font-weight:600">Availability and rate</p>
<ul style="margin:0 0 0 18px;padding:0">
<li style="margin:0 0 6px"><strong>Availability:</strong> Available full time from 1 September; current booking ends 29 August.<sup>[4]</sup></li>
<li style="margin:0 0 6px"><strong>Rate:</strong> Rate expectation not stated by the candidate; the brief offers a day rate DOE. <span style="color:#a33;font-weight:600">[UNVERIFIED]</span></li>
</ul>
<p style="margin:18px 0 6px;font-weight:600">Modality and scanner matrix</p>
<ul style="margin:0 0 0 18px;padding:0">
<li style="margin:0 0 6px"><strong>MRI — Siemens Aera:</strong> Daily MRI lists on a Siemens Aera at the current trust.<sup>[5]</sup></li>
<li style="margin:0 0 6px"><strong>CT — Canon Aquilion:</strong> CT rotation on a Canon Aquilion, including contrast studies.<sup>[6]</sup></li>
<li style="margin:0 0 6px"><strong>MRI — GE Signa:</strong> Scanned on GE MRI at a previous trust; the brief does not name GE.<sup>[7]</sup></li>
</ul>
<p style="margin:18px 0 6px;font-weight:600">Against the brief</p>
<ul style="margin:0 0 0 18px;padding:0">
<li style="margin:0 0 6px"><strong>Imaging experience:</strong> Eight years as a diagnostic radiographer across two acute trusts.<sup>[8]</sup></li>
<li style="margin:0 0 6px"><strong>IV cannulation:</strong> Cannulation certified and in regular contrast practice.<sup>[9]</sup></li>
</ul>
<p style="margin:18px 0 6px;font-weight:600">What we know about your process</p>
<ul style="margin:0 0 0 18px;padding:0">
<li style="margin:0 0 6px">Bookings for this client go through their VMS, and profiles without an uploaded DBS certificate sit unreviewed — upload it with the submission.<sup>[10]</sup></li>
</ul>
<p style="margin:18px 0 6px;font-weight:600">Where they don't meet the brief</p>
<ul style="margin:0 0 0 18px;padding:0">
<li style="margin:0 0 6px">No obstetric ultrasound experience, which the brief lists as desirable. <span style="color:#a33;font-weight:600">[UNVERIFIED]</span></li>
</ul>
<p style="margin:18px 0 6px;font-weight:600">For the recruiter to confirm before sending</p>
<ul style="margin:0 0 0 18px;padding:0">
<li style="margin:0 0 6px">Confirm availability for the 1 September start before sending.</li>
<li style="margin:0 0 6px">DBS status is unconfirmed — chase the certificate before submission.</li>
</ul>
<hr style="border:0;border-top:1px solid #ddd;margin:22px 0 10px">
<p style="margin:0 0 6px;font-weight:600;font-size:13px">Sources</p>
<ol style="margin:0 0 0 18px;padding:0;font-size:13px;color:#444">
<li style="margin:0 0 4px">CV: &ldquo;HCPC registration RA12345, current to 2027&rdquo;</li>
<li style="margin:0 0 4px">CV: &ldquo;Statutory and mandatory training completed March 2026&rdquo;</li>
<li style="margin:0 0 4px">our note on this client: &ldquo;Their compliance team bounce OH clearances older than six months&rdquo;</li>
<li style="margin:0 0 4px">CV: &ldquo;Available from 1 September 2026&rdquo;</li>
<li style="margin:0 0 4px">CV: &ldquo;MRI: Siemens Aera (1.5T), daily lists including MSK and neuro&rdquo;</li>
<li style="margin:0 0 4px">CV: &ldquo;CT: Canon Aquilion Prime, contrast and non-contrast&rdquo;</li>
<li style="margin:0 0 4px">CV: &ldquo;previous rotation on GE Signa MRI&rdquo;</li>
<li style="margin:0 0 4px">CV: &ldquo;Diagnostic Radiographer, 2018 to present. Rotational MRI and CT across Queen Victoria Hospital and the community diagnostic centre.&rdquo;</li>
<li style="margin:0 0 4px">CV: &ldquo;IV cannulation certified, contrast administration weekly&rdquo;</li>
<li style="margin:0 0 4px">our note on this client: &ldquo;All locum bookings via Allocate VMS. Profiles without the DBS cert attached just sit in the queue.&rdquo;</li>
</ol>
<p style="margin:14px 0 0;font-size:13px;color:#555">Every claim above is traceable to a line in the CV or to our own record of this client. Anything we could not source is marked UNVERIFIED and left for you.</p>
</div>