<div style="font-family:Georgia,serif;font-size:15px;line-height:1.5;color:#1a1a1a">
<p style="margin:0;font-weight:600">Registered Nurse — &quot;bank&quot; &amp; agency cover</p>
<p style="margin:2px 0 14px;color:#555">Candidate C-4472 &lt;script&gt;alert(1)&lt;/script&gt;</p>
<p style="margin:0 0 4px">Six years ward experience, though the shift pattern &amp; start date both need confirming.</p>
<p style="margin:18px 0 6px;font-weight:600">Against the brief</p>
<ul style="margin:0 0 0 18px;padding:0">
<li style="margin:0 0 6px"><strong>Six years post-registration:</strong> Six years post-registration across medical and surgical wards.<sup>[1]</sup></li>
<li style="margin:0 0 6px"><strong>Cannulation competency:</strong> Likely cannulation competent given the acute medical background, but it is not stated anywhere. <span style="color:#a33;font-weight:600">[UNVERIFIED]</span></li>
</ul>
<p style="margin:18px 0 6px;font-weight:600">What we know about your process</p>
<ul style="margin:0 0 0 18px;padding:0">
<li style="margin:0 0 6px">The ward manager may want a same-day start, which this candidate has not been asked about. <span style="color:#a33;font-weight:600">[UNVERIFIED]</span></li>
</ul>
<p style="margin:18px 0 6px;font-weight:600">Where they don't meet the brief</p>
<ul style="margin:0 0 0 18px;padding:0">
<li style="margin:0 0 6px">No evidence of ITU experience &amp; the brief lists it as essential. <span style="color:#a33;font-weight:600">[UNVERIFIED]</span></li>
</ul>
<p style="margin:18px 0 6px;font-weight:600">For the recruiter to confirm before sending</p>
<ul style="margin:0 0 0 18px;padding:0">
<li style="margin:0 0 6px">Confirm cannulation competency before sending — it is claimed here but not sourced.</li>
</ul>
<hr style="border:0;border-top:1px solid #ddd;margin:22px 0 10px">
<p style="margin:0 0 6px;font-weight:600;font-size:13px">Sources</p>
<ol style="margin:0 0 0 18px;padding:0;font-size:13px;color:#444">
<li style="margin:0 0 4px">CV: &ldquo;Staff Nurse, Ward 12 (General Surgery), 2020-2026 Staff Nurse, Ward 4 (Acute Medical), 2019-2020&rdquo;</li>
</ol>
<p style="margin:14px 0 0;font-size:13px;color:#555">Every claim above is traceable to a line in the CV or to our own record of this client. Anything we could not source is marked UNVERIFIED and left for you.</p>
</div>